<?xml version="1.0" encoding="utf-8"?><testsuites><testsuite name="pytest" errors="0" failures="0" skipped="0" tests="0" time="0.033" timestamp="2023-11-16T16:50:15.802036" hostname="QJH62KWQCF" /></testsuites>