<?xml version="1.0" encoding="utf-8"?><testsuites><testsuite name="pytest" errors="0" failures="0" skipped="0" tests="0" time="0.008" timestamp="2023-11-16T16:42:34.926334" hostname="QJH62KWQCF" /></testsuites>